ASxxxx Linker V03.00 + NoICE + sdld,  page 1.
Hexadecimal  [32-Bits]

Area                                    Addr        Size        Decimal Bytes (Attributes)
--------------------------------        ----        ----        ------- ----- ------------
CABS                                00000000    00000000 =           0. bytes (ABS,CON)

      Value  Global                              Global Defined In Module
      -----  --------------------------------   ------------------------
     00000000  l_BIT_BANK                      
     00000000  l_BSEG                          
     00000000  l_BSEG_BYTES                    
     00000000  l_CABS                          
     00000000  l_DABS                          
     00000000  l_DATA                          
     00000000  l_INITIALIZED                   
     00000000  l_INITIALIZER                   
     00000000  l_ISEG                          
     00000000  l_OSEG                          
     00000000  l_REG_BANK_0                    
     00000000  l_REG_BANK_1                    
     00000000  l_REG_BANK_2                    
     00000000  l_REG_BANK_3                    
     00000000  l__CODE                         
     00000000  s_BSEG                          
     00000000  s_CABS                          
     00000000  s_DABS                          
     00000000  s_DSEG                          
     00000000  s_REG_BANK_0                    
     00000000  s_SSEG                          
     00000001  s_DATA                          
     00000001  s_INITIALIZED                   
     00000003  l_GSFINAL                       
     00000008  s_REG_BANK_1                    
     00000010  s_REG_BANK_2                    
     00000018  s_BIT_BANK                      
     00000018  s_ISEG                          
     00000018  s_OSEG                          
     00000018  s_REG_BANK_3                    
     0000001A  l_GSINIT                        
     00000020  s_BSEG_BYTES                    
     00000020  s__CODE                         
     00000080  l_DSEG                          
     00000083  l_HOME                          
     00000100  l_IRAM                          
     00000100  l_SSEG                          
     00000556  l_CODE                          
     00008000  s_HOME                          
     00008083  s_GSINIT                        
     0000809D  s_GSFINAL                       
     000080A0  s_CODE                          
     000085F6  s_INITIALIZER                   

ASxxxx Linker V03.00 + NoICE + sdld,  page 2.
Hexadecimal  [32-Bits]

Area                                    Addr        Size        Decimal Bytes (Attributes)
--------------------------------        ----        ----        ------- ----- ------------
.  .ABS.                            00000000    00000000 =           0. bytes (ABS,CON)

      Value  Global                              Global Defined In Module
      -----  --------------------------------   ------------------------
     00000000  .__.ABS.                           _mulint

ASxxxx Linker V03.00 + NoICE + sdld,  page 3.
Hexadecimal  [32-Bits]

Area                                    Addr        Size        Decimal Bytes (Attributes)
--------------------------------        ----        ----        ------- ----- ------------
DSEG                                00000000    00000080 =         128. bytes (REL,CON)

      Value  Global                              Global Defined In Module
      -----  --------------------------------   ------------------------
ASxxxx Linker V03.00 + NoICE + sdld,  page 4.
Hexadecimal  [32-Bits]

Area                                    Addr        Size        Decimal Bytes (Attributes)
--------------------------------        ----        ----        ------- ----- ------------
SSEG                                00000000    00000100 =         256. bytes (REL,OVR)

      Value  Global                              Global Defined In Module
      -----  --------------------------------   ------------------------
ASxxxx Linker V03.00 + NoICE + sdld,  page 5.
Hexadecimal  [32-Bits]

Area                                    Addr        Size        Decimal Bytes (Attributes)
--------------------------------        ----        ----        ------- ----- ------------
HOME                                00008000    00000083 =         131. bytes (REL,CON)

      Value  Global                              Global Defined In Module
      -----  --------------------------------   ------------------------
ASxxxx Linker V03.00 + NoICE + sdld,  page 6.
Hexadecimal  [32-Bits]

Area                                    Addr        Size        Decimal Bytes (Attributes)
--------------------------------        ----        ----        ------- ----- ------------
GSINIT                              00008083    0000001A =          26. bytes (REL,CON)

      Value  Global                              Global Defined In Module
      -----  --------------------------------   ------------------------
ASxxxx Linker V03.00 + NoICE + sdld,  page 7.
Hexadecimal  [32-Bits]

Area                                    Addr        Size        Decimal Bytes (Attributes)
--------------------------------        ----        ----        ------- ----- ------------
GSFINAL                             0000809D    00000003 =           3. bytes (REL,CON)

      Value  Global                              Global Defined In Module
      -----  --------------------------------   ------------------------
ASxxxx Linker V03.00 + NoICE + sdld,  page 8.
Hexadecimal  [32-Bits]

Area                                    Addr        Size        Decimal Bytes (Attributes)
--------------------------------        ----        ----        ------- ----- ------------
CODE                                000080A0    00000556 =        1366. bytes (REL,CON)

      Value  Global                              Global Defined In Module
      -----  --------------------------------   ------------------------
     000080A0  _delayTenMicro                     sensors
     000080A8  _InitializeSystemClock             sensors
     000080F2  _delay                             sensors
     0000813D  _i2c_read                          sensors
     0000814E  _i2c_set_nak                       sensors
     00008156  _i2c_set_stop                      sensors
     0000815E  _i2c_send_reg                      sensors
     00008180  _UARTPrintF                        sensors
     00008197  _print_UCHAR_hex                   sensors
     000081E5  _i2c_send_address                  sensors
     00008227  _i2c_set_start_ack                 sensors
     00008235  _print_byte_hex                    sensors
     00008283  _i2c_read_register                 sensors
     000082C6  _InitializeI2C                     sensors
     000082F6  _InitializeUART                    sensors
     0000836F  _tm1637Init                        sensors
     00008376  _tm1637DisplayDecimal              sensors
     00008414  _tm1637SetBrightness               sensors
     00008426  __tm1637Start                      sensors
     00008438  __tm1637Stop                       sensors
     0000845F  __tm1637ReadResult                 sensors
     0000847A  __tm1637WriteByte                  sensors
     000084B8  __tm1637ClkHigh                    sensors
     000084C0  __tm1637ClkLow                     sensors
     000084C8  __tm1637DioHigh                    sensors
     000084D0  __tm1637DioLow                     sensors
     000084D8  _main                              sensors
     00008584  _segmentMap                        sensors
     000085A0  __mulint                           _mulint

ASxxxx Linker V03.00 + NoICE + sdld,  page 9.

Files Linked                              [ module(s) ]

sensors.rel                               [  ]


Libraries Linked                          [ object file ]

/usr/bin/../share/sdcc/lib/stm8/stm8.lib  [ _mulint.rel ]

ASxxxx Linker V03.00 + NoICE + sdld,  page 10.

User Base Address Definitions

HOME = 0x8000
DATA = 0x0001

